// Jest Snapshot v1, https://goo.gl/fbAQLP

exports[`List component renders to the UI as expected 1`] = `
<section
  className="List"
>
  <header
    className="List-header"
  >
    <h2>
      List A
    </h2>
  </header>
  <div
    className="List-cards"
  />
</section>
`;
